CRE 23456 0 00000 Name 20010101
EOS 00000 0 00000 **** 0