CAN 12345 1 00000 **** 00000000
EOS 00000 0 00000 **** 00000000